Traceback (most recent call last):
  File "/home/yaminbsh/.local/lib/python3.9/site-packages/jupyter_cache/executors/utils.py", line 58, in single_nb_execution
    executenb(
  File "/opt/anaconda3/lib/python3.9/site-packages/nbclient/client.py", line 1204, in execute
    return NotebookClient(nb=nb, resources=resources, km=km, **kwargs).execute()
  File "/opt/anaconda3/lib/python3.9/site-packages/nbclient/util.py", line 84, in wrapped
    return just_run(coro(*args, **kwargs))
  File "/opt/anaconda3/lib/python3.9/site-packages/nbclient/util.py", line 62, in just_run
    return loop.run_until_complete(coro)
  File "/opt/anaconda3/lib/python3.9/asyncio/base_events.py", line 647, in run_until_complete
    return future.result()
  File "/opt/anaconda3/lib/python3.9/site-packages/nbclient/client.py", line 663, in async_execute
    await self.async_execute_cell(
  File "/opt/anaconda3/lib/python3.9/site-packages/nbclient/client.py", line 965, in async_execute_cell
    await self._check_raise_for_error(cell, cell_index, exec_reply)
  File "/opt/anaconda3/lib/python3.9/site-packages/nbclient/client.py", line 862, in _check_raise_for_error
    raise CellExecutionError.from_cell_and_msg(cell, exec_reply_content)
nbclient.exceptions.CellExecutionError: An error occurred while executing the following cell:
------------------
table = [ [6, 9, -18, 12, 21], 
          [5, 20, 0, 4, 16], 
          [-6, 5, -12, -6, -13]]

table_sum, table_min, table_max, sorted_table = table_statistics(table)

print("table_sum: ", table_sum, "\ntable_min: ", table_min, "\ntable_max: ", table_max, "\nsorted_table: ", sorted_table)
------------------

[0;31m---------------------------------------------------------------------------[0m
[0;31mNameError[0m                                 Traceback (most recent call last)
Input [0;32mIn [20][0m, in [0;36m<cell line: 5>[0;34m()[0m
[1;32m      1[0m table [38;5;241m=[39m [ [[38;5;241m6[39m, [38;5;241m9[39m, [38;5;241m-[39m[38;5;241m18[39m, [38;5;241m12[39m, [38;5;241m21[39m], 
[1;32m      2[0m           [[38;5;241m5[39m, [38;5;241m20[39m, [38;5;241m0[39m, [38;5;241m4[39m, [38;5;241m16[39m], 
[1;32m      3[0m           [[38;5;241m-[39m[38;5;241m6[39m, [38;5;241m5[39m, [38;5;241m-[39m[38;5;241m12[39m, [38;5;241m-[39m[38;5;241m6[39m, [38;5;241m-[39m[38;5;241m13[39m]]
[0;32m----> 5[0m table_sum, table_min, table_max, sorted_table [38;5;241m=[39m [43mtable_statistics[49m[43m([49m[43mtable[49m[43m)[49m
[1;32m      7[0m [38;5;28mprint[39m([38;5;124m"[39m[38;5;124mtable_sum: [39m[38;5;124m"[39m, table_sum, [38;5;124m"[39m[38;5;130;01m\n[39;00m[38;5;124mtable_min: [39m[38;5;124m"[39m, table_min, [38;5;124m"[39m[38;5;130;01m\n[39;00m[38;5;124mtable_max: [39m[38;5;124m"[39m, table_max, [38;5;124m"[39m[38;5;130;01m\n[39;00m[38;5;124msorted_table: [39m[38;5;124m"[39m, sorted_table)

Input [0;32mIn [19][0m, in [0;36mtable_statistics[0;34m(table)[0m
[1;32m      1[0m [38;5;28;01mdef[39;00m[38;5;250m [39m[38;5;21mtable_statistics[39m(table):
[1;32m      2[0m     [38;5;66;03m# Write your code here[39;00m
[0;32m----> 4[0m     [38;5;28;01mreturn[39;00m [43mtable_sum[49m, table_min, table_max, sorted_table

[0;31mNameError[0m: name 'table_sum' is not defined
NameError: name 'table_sum' is not defined

