Traceback (most recent call last):
  File "/home/yaminbsh/.local/lib/python3.9/site-packages/jupyter_cache/executors/utils.py", line 58, in single_nb_execution
    executenb(
  File "/opt/anaconda3/lib/python3.9/site-packages/nbclient/client.py", line 1204, in execute
    return NotebookClient(nb=nb, resources=resources, km=km, **kwargs).execute()
  File "/opt/anaconda3/lib/python3.9/site-packages/nbclient/util.py", line 84, in wrapped
    return just_run(coro(*args, **kwargs))
  File "/opt/anaconda3/lib/python3.9/site-packages/nbclient/util.py", line 62, in just_run
    return loop.run_until_complete(coro)
  File "/opt/anaconda3/lib/python3.9/asyncio/base_events.py", line 647, in run_until_complete
    return future.result()
  File "/opt/anaconda3/lib/python3.9/site-packages/nbclient/client.py", line 663, in async_execute
    await self.async_execute_cell(
  File "/opt/anaconda3/lib/python3.9/site-packages/nbclient/client.py", line 965, in async_execute_cell
    await self._check_raise_for_error(cell, cell_index, exec_reply)
  File "/opt/anaconda3/lib/python3.9/site-packages/nbclient/client.py", line 862, in _check_raise_for_error
    raise CellExecutionError.from_cell_and_msg(cell, exec_reply_content)
nbclient.exceptions.CellExecutionError: An error occurred while executing the following cell:
------------------
def middle_point(p1, p2):
    # Write you code here
    pass

p1 = Point(1,1)
p2 = Point(3,5)
p3 = middle_point(p1,p2)
print(p3.get_str_point()) # printed value be <2.0,3.0> 
------------------

[0;31m---------------------------------------------------------------------------[0m
[0;31mAttributeError[0m                            Traceback (most recent call last)
Input [0;32mIn [9][0m, in [0;36m<cell line: 8>[0;34m()[0m
[1;32m      6[0m p2 [38;5;241m=[39m Point([38;5;241m3[39m,[38;5;241m5[39m)
[1;32m      7[0m p3 [38;5;241m=[39m middle_point(p1,p2)
[0;32m----> 8[0m [38;5;28mprint[39m([43mp3[49m[38;5;241;43m.[39;49m[43mget_str_point[49m())

[0;31mAttributeError[0m: 'NoneType' object has no attribute 'get_str_point'
AttributeError: 'NoneType' object has no attribute 'get_str_point'

