Traceback (most recent call last):
  File "/home/yaminbsh/.local/lib/python3.9/site-packages/jupyter_cache/executors/utils.py", line 58, in single_nb_execution
    executenb(
  File "/opt/anaconda3/lib/python3.9/site-packages/nbclient/client.py", line 1204, in execute
    return NotebookClient(nb=nb, resources=resources, km=km, **kwargs).execute()
  File "/opt/anaconda3/lib/python3.9/site-packages/nbclient/util.py", line 84, in wrapped
    return just_run(coro(*args, **kwargs))
  File "/opt/anaconda3/lib/python3.9/site-packages/nbclient/util.py", line 62, in just_run
    return loop.run_until_complete(coro)
  File "/opt/anaconda3/lib/python3.9/asyncio/base_events.py", line 647, in run_until_complete
    return future.result()
  File "/opt/anaconda3/lib/python3.9/site-packages/nbclient/client.py", line 663, in async_execute
    await self.async_execute_cell(
  File "/opt/anaconda3/lib/python3.9/site-packages/nbclient/client.py", line 965, in async_execute_cell
    await self._check_raise_for_error(cell, cell_index, exec_reply)
  File "/opt/anaconda3/lib/python3.9/site-packages/nbclient/client.py", line 862, in _check_raise_for_error
    raise CellExecutionError.from_cell_and_msg(cell, exec_reply_content)
nbclient.exceptions.CellExecutionError: An error occurred while executing the following cell:
------------------
# %%
# Interpolation demo
x = np.linspace(0, 10, 11)
y = np.sin(x) + 0.1*np.cos(3*x)
f_lin = interpolate.interp1d(x, y, kind="linear")
f_cub = interpolate.interp1d(x, y, kind="cubic")

xf = np.linspace(0, 10, 400)

fig, ax = plt.subplots(constrained_layout=True)
ax.plot(x, y, "o", label="samples")
ax.plot(xf, f_lin(xf), label="linear")
ax.plot(xf, f_cub(xf), label="cubic")
ax.set_title("Interpolation: linear vs cubic")
ax.legend()
plt.show()

------------------

[0;31m---------------------------------------------------------------------------[0m
[0;31mNameError[0m                                 Traceback (most recent call last)
Input [0;32mIn [3][0m, in [0;36m<cell line: 3>[0;34m()[0m
[1;32m      1[0m [38;5;66;03m# %%[39;00m
[1;32m      2[0m [38;5;66;03m# Interpolation demo[39;00m
[0;32m----> 3[0m x [38;5;241m=[39m [43mnp[49m[38;5;241m.[39mlinspace([38;5;241m0[39m, [38;5;241m10[39m, [38;5;241m11[39m)
[1;32m      4[0m y [38;5;241m=[39m np[38;5;241m.[39msin(x) [38;5;241m+[39m [38;5;241m0.1[39m[38;5;241m*[39mnp[38;5;241m.[39mcos([38;5;241m3[39m[38;5;241m*[39mx)
[1;32m      5[0m f_lin [38;5;241m=[39m interpolate[38;5;241m.[39minterp1d(x, y, kind[38;5;241m=[39m[38;5;124m"[39m[38;5;124mlinear[39m[38;5;124m"[39m)

[0;31mNameError[0m: name 'np' is not defined
NameError: name 'np' is not defined

