Traceback (most recent call last):
  File "/home/yaminbsh/.local/lib/python3.9/site-packages/jupyter_cache/executors/utils.py", line 58, in single_nb_execution
    executenb(
  File "/opt/anaconda3/lib/python3.9/site-packages/nbclient/client.py", line 1204, in execute
    return NotebookClient(nb=nb, resources=resources, km=km, **kwargs).execute()
  File "/opt/anaconda3/lib/python3.9/site-packages/nbclient/util.py", line 84, in wrapped
    return just_run(coro(*args, **kwargs))
  File "/opt/anaconda3/lib/python3.9/site-packages/nbclient/util.py", line 62, in just_run
    return loop.run_until_complete(coro)
  File "/opt/anaconda3/lib/python3.9/asyncio/base_events.py", line 647, in run_until_complete
    return future.result()
  File "/opt/anaconda3/lib/python3.9/site-packages/nbclient/client.py", line 663, in async_execute
    await self.async_execute_cell(
  File "/opt/anaconda3/lib/python3.9/site-packages/nbclient/client.py", line 965, in async_execute_cell
    await self._check_raise_for_error(cell, cell_index, exec_reply)
  File "/opt/anaconda3/lib/python3.9/site-packages/nbclient/client.py", line 862, in _check_raise_for_error
    raise CellExecutionError.from_cell_and_msg(cell, exec_reply_content)
nbclient.exceptions.CellExecutionError: An error occurred while executing the following cell:
------------------
# Minimal sanity check for mb_pdf (simple, with English comments)
# TODO: Build a speed grid (0 to a few km/s is enough for Ar @ 300 K)
v = np.linspace(0.0, 4000.0, 5000)

# TODO: Evaluate the PDF on the grid
y = mb_pdf(v, m_Ar, T)

# TODO: 1) PDF should be non-negative
# assert ..., "mb_pdf returned negative values"

# TODO: 2) The integral over [0, ∞) should be ~1; we approximate it on a finite grid
# area = ...
print(f"Area under PDF ≈ {area:.5f}")

# TODO: 3) The mode should be near v_mp 
# v_mp = ...
# v_mode = ...
print(f"v_mp (theory) = {v_mp:.2f} m/s,  v_mode (numerical) = {v_mode:.2f} m/s")
------------------

[0;31m---------------------------------------------------------------------------[0m
[0;31mNameError[0m                                 Traceback (most recent call last)
Input [0;32mIn [5][0m, in [0;36m<cell line: 6>[0;34m()[0m
[1;32m      3[0m v [38;5;241m=[39m np[38;5;241m.[39mlinspace([38;5;241m0.0[39m, [38;5;241m4000.0[39m, [38;5;241m5000[39m)
[1;32m      5[0m [38;5;66;03m# TODO: Evaluate the PDF on the grid[39;00m
[0;32m----> 6[0m y [38;5;241m=[39m mb_pdf(v, m_Ar, [43mT[49m)
[1;32m      8[0m [38;5;66;03m# TODO: 1) PDF should be non-negative[39;00m
[1;32m      9[0m [38;5;66;03m# assert ..., "mb_pdf returned negative values"[39;00m
[1;32m     10[0m 
[1;32m     11[0m [38;5;66;03m# TODO: 2) The integral over [0, ∞) should be ~1; we approximate it on a finite grid[39;00m
[1;32m     12[0m [38;5;66;03m# area = ...[39;00m
[1;32m     13[0m [38;5;28mprint[39m([38;5;124mf[39m[38;5;124m"[39m[38;5;124mArea under PDF ≈ [39m[38;5;132;01m{[39;00marea[38;5;132;01m:[39;00m[38;5;124m.5f[39m[38;5;132;01m}[39;00m[38;5;124m"[39m)

[0;31mNameError[0m: name 'T' is not defined
NameError: name 'T' is not defined

