Traceback (most recent call last):
  File "/home/yaminbsh/.local/lib/python3.9/site-packages/jupyter_cache/executors/utils.py", line 58, in single_nb_execution
    executenb(
  File "/opt/anaconda3/lib/python3.9/site-packages/nbclient/client.py", line 1204, in execute
    return NotebookClient(nb=nb, resources=resources, km=km, **kwargs).execute()
  File "/opt/anaconda3/lib/python3.9/site-packages/nbclient/util.py", line 84, in wrapped
    return just_run(coro(*args, **kwargs))
  File "/opt/anaconda3/lib/python3.9/site-packages/nbclient/util.py", line 62, in just_run
    return loop.run_until_complete(coro)
  File "/opt/anaconda3/lib/python3.9/asyncio/base_events.py", line 647, in run_until_complete
    return future.result()
  File "/opt/anaconda3/lib/python3.9/site-packages/nbclient/client.py", line 663, in async_execute
    await self.async_execute_cell(
  File "/opt/anaconda3/lib/python3.9/site-packages/nbclient/client.py", line 965, in async_execute_cell
    await self._check_raise_for_error(cell, cell_index, exec_reply)
  File "/opt/anaconda3/lib/python3.9/site-packages/nbclient/client.py", line 862, in _check_raise_for_error
    raise CellExecutionError.from_cell_and_msg(cell, exec_reply_content)
nbclient.exceptions.CellExecutionError: An error occurred while executing the following cell:
------------------
a = 111111111111 * 111111111111
b = 12345679012308641986431 + 12345667890
c = 12345679110300785634118 – 979797979797979
d = 12345679110300785634118 – 97979797979797

if a == b and b == c and c == d:
    print("All numbers are equal")
else:
    print("Not all numbers are equal")
------------------

[0;36m  Input [0;32mIn [6][0;36m[0m
[0;31m    c = 12345679110300785634118 – 979797979797979[0m
[0m                                ^[0m
[0;31mSyntaxError[0m[0;31m:[0m invalid character '–' (U+2013)

SyntaxError: invalid character '–' (U+2013) (3612250416.py, line 3)

