Traceback (most recent call last):
  File "/home/yaminbsh/.local/lib/python3.9/site-packages/jupyter_cache/executors/utils.py", line 58, in single_nb_execution
    executenb(
  File "/opt/anaconda3/lib/python3.9/site-packages/nbclient/client.py", line 1204, in execute
    return NotebookClient(nb=nb, resources=resources, km=km, **kwargs).execute()
  File "/opt/anaconda3/lib/python3.9/site-packages/nbclient/util.py", line 84, in wrapped
    return just_run(coro(*args, **kwargs))
  File "/opt/anaconda3/lib/python3.9/site-packages/nbclient/util.py", line 62, in just_run
    return loop.run_until_complete(coro)
  File "/opt/anaconda3/lib/python3.9/asyncio/base_events.py", line 647, in run_until_complete
    return future.result()
  File "/opt/anaconda3/lib/python3.9/site-packages/nbclient/client.py", line 663, in async_execute
    await self.async_execute_cell(
  File "/opt/anaconda3/lib/python3.9/site-packages/nbclient/client.py", line 965, in async_execute_cell
    await self._check_raise_for_error(cell, cell_index, exec_reply)
  File "/opt/anaconda3/lib/python3.9/site-packages/nbclient/client.py", line 862, in _check_raise_for_error
    raise CellExecutionError.from_cell_and_msg(cell, exec_reply_content)
nbclient.exceptions.CellExecutionError: An error occurred while executing the following cell:
------------------
import json
from jupyterquiz import display_quiz

example = '''
[
  {
    "question": "מה תחזיר הקריאה: mystery(\"hello world. nice to meet you\")?",
    "type": "many_choice",
    "answers": [
      {
        "answer": "3",
        "correct": true,
        "feedback": "נכון!"
      },
      {
        "answer": "0",
        "correct": false,
        "feedback": "לא נכון"
      },
      {
        "answer": "10",
        "correct": false,
        "feedback": "לא נכון"
      },
      {
        "answer": "29",
        "correct": false,
        "feedback": "לא נכון"
      }
    ]
  },
  {
    "question": "איזה קלט לפונקציה עשוי לגרום לגישה לאינדקס לא חוקי?",
    "type": "many_choice",
    "answers": [
      {
        "answer": ".hello world",
        "correct": false,
        "feedback": "לא נכון"
      },
      {
        "answer": "hello world",
        "correct": true,
        "feedback": "נכון!"
      },
      {
        "answer": "מחרוזת ריקה",
        "correct": true,
        "feedback": "נכון!"
      },
      {
        "answer": ".hello world.",
        "correct": false,
        "feedback": "לא נכון"
      }
    ]
  }
  
]
'''
myquiz = json.loads(example)
display_quiz(myquiz)
------------------

[0;31m---------------------------------------------------------------------------[0m
[0;31mJSONDecodeError[0m                           Traceback (most recent call last)
Input [0;32mIn [2][0m, in [0;36m<cell line: 61>[0;34m()[0m
[1;32m      2[0m [38;5;28;01mfrom[39;00m[38;5;250m [39m[38;5;21;01mjupyterquiz[39;00m[38;5;250m [39m[38;5;28;01mimport[39;00m display_quiz
[1;32m      4[0m example [38;5;241m=[39m [38;5;124m'''[39m
[1;32m      5[0m [38;5;124m[[39m
[1;32m      6[0m [38;5;124m  [39m[38;5;124m{[39m
[0;32m   (...)[0m
[1;32m     59[0m [38;5;124m][39m
[1;32m     60[0m [38;5;124m'''[39m
[0;32m---> 61[0m myquiz [38;5;241m=[39m [43mjson[49m[38;5;241;43m.[39;49m[43mloads[49m[43m([49m[43mexample[49m[43m)[49m
[1;32m     62[0m display_quiz(myquiz)

File [0;32m/opt/anaconda3/lib/python3.9/json/__init__.py:346[0m, in [0;36mloads[0;34m(s, cls, object_hook, parse_float, parse_int, parse_constant, object_pairs_hook, **kw)[0m
[1;32m    341[0m     s [38;5;241m=[39m s[38;5;241m.[39mdecode(detect_encoding(s), [38;5;124m'[39m[38;5;124msurrogatepass[39m[38;5;124m'[39m)
[1;32m    343[0m [38;5;28;01mif[39;00m ([38;5;28mcls[39m [38;5;129;01mis[39;00m [38;5;28;01mNone[39;00m [38;5;129;01mand[39;00m object_hook [38;5;129;01mis[39;00m [38;5;28;01mNone[39;00m [38;5;129;01mand[39;00m
[1;32m    344[0m         parse_int [38;5;129;01mis[39;00m [38;5;28;01mNone[39;00m [38;5;129;01mand[39;00m parse_float [38;5;129;01mis[39;00m [38;5;28;01mNone[39;00m [38;5;129;01mand[39;00m
[1;32m    345[0m         parse_constant [38;5;129;01mis[39;00m [38;5;28;01mNone[39;00m [38;5;129;01mand[39;00m object_pairs_hook [38;5;129;01mis[39;00m [38;5;28;01mNone[39;00m [38;5;129;01mand[39;00m [38;5;129;01mnot[39;00m kw):
[0;32m--> 346[0m     [38;5;28;01mreturn[39;00m [43m_default_decoder[49m[38;5;241;43m.[39;49m[43mdecode[49m[43m([49m[43ms[49m[43m)[49m
[1;32m    347[0m [38;5;28;01mif[39;00m [38;5;28mcls[39m [38;5;129;01mis[39;00m [38;5;28;01mNone[39;00m:
[1;32m    348[0m     [38;5;28mcls[39m [38;5;241m=[39m JSONDecoder

File [0;32m/opt/anaconda3/lib/python3.9/json/decoder.py:337[0m, in [0;36mJSONDecoder.decode[0;34m(self, s, _w)[0m
[1;32m    332[0m [38;5;28;01mdef[39;00m[38;5;250m [39m[38;5;21mdecode[39m([38;5;28mself[39m, s, _w[38;5;241m=[39mWHITESPACE[38;5;241m.[39mmatch):
[1;32m    333[0m [38;5;250m    [39m[38;5;124;03m"""Return the Python representation of ``s`` (a ``str`` instance[39;00m
[1;32m    334[0m [38;5;124;03m    containing a JSON document).[39;00m
[1;32m    335[0m 
[1;32m    336[0m [38;5;124;03m    """[39;00m
[0;32m--> 337[0m     obj, end [38;5;241m=[39m [38;5;28;43mself[39;49m[38;5;241;43m.[39;49m[43mraw_decode[49m[43m([49m[43ms[49m[43m,[49m[43m [49m[43midx[49m[38;5;241;43m=[39;49m[43m_w[49m[43m([49m[43ms[49m[43m,[49m[43m [49m[38;5;241;43m0[39;49m[43m)[49m[38;5;241;43m.[39;49m[43mend[49m[43m([49m[43m)[49m[43m)[49m
[1;32m    338[0m     end [38;5;241m=[39m _w(s, end)[38;5;241m.[39mend()
[1;32m    339[0m     [38;5;28;01mif[39;00m end [38;5;241m!=[39m [38;5;28mlen[39m(s):

File [0;32m/opt/anaconda3/lib/python3.9/json/decoder.py:353[0m, in [0;36mJSONDecoder.raw_decode[0;34m(self, s, idx)[0m
[1;32m    344[0m [38;5;250m[39m[38;5;124;03m"""Decode a JSON document from ``s`` (a ``str`` beginning with[39;00m
[1;32m    345[0m [38;5;124;03ma JSON document) and return a 2-tuple of the Python[39;00m
[1;32m    346[0m [38;5;124;03mrepresentation and the index in ``s`` where the document ended.[39;00m
[0;32m   (...)[0m
[1;32m    350[0m 
[1;32m    351[0m [38;5;124;03m"""[39;00m
[1;32m    352[0m [38;5;28;01mtry[39;00m:
[0;32m--> 353[0m     obj, end [38;5;241m=[39m [38;5;28;43mself[39;49m[38;5;241;43m.[39;49m[43mscan_once[49m[43m([49m[43ms[49m[43m,[49m[43m [49m[43midx[49m[43m)[49m
[1;32m    354[0m [38;5;28;01mexcept[39;00m [38;5;167;01mStopIteration[39;00m [38;5;28;01mas[39;00m err:
[1;32m    355[0m     [38;5;28;01mraise[39;00m JSONDecodeError([38;5;124m"[39m[38;5;124mExpecting value[39m[38;5;124m"[39m, s, err[38;5;241m.[39mvalue) [38;5;28;01mfrom[39;00m[38;5;250m [39m[38;5;28;01mNone[39;00m

[0;31mJSONDecodeError[0m: Expecting ',' delimiter: line 4 column 44 (char 50)
JSONDecodeError: Expecting ',' delimiter: line 4 column 44 (char 50)

